// Jest Snapshot v1, https://goo.gl/fbAQLP

exports[`Description should render my component 1`] = `
Array [
  <div
    className="description-package"
    id="description"
  >
    <div
      className="container"
    >
      <div
        className="content"
      >
        <div
          className="box wow bounceInUp"
        >
          <div
            className="inner"
          >
            <div
              className="price-tag"
            >
              Specialist-driven care
            </div>
            <div
              className="img"
            >
              <img
                alt="price"
                src="homeDelivery.png"
              />
            </div>
            <div
              className="text"
            >
              <p>
                What makes us unique is that a Specialist continues to be in charge of the care delivered at home. He guides the primary physician on the patient's treatment plan to ensure comprehensive and quality care as well as continuity.
              </p>
              <Link
                className="btn"
                to="/customerRegistration"
              >
                Join Now
              </Link>
            </div>
          </div>
        </div>
        <div
          className="box wow bounceInUp"
        >
          <div
            className="inner"
          >
            <div
              className="price-tag"
            >
              Continuity of care
            </div>
            <div
              className="img"
            >
              <img
                alt="price"
                src="medical.jpg"
              />
            </div>
            <div
              className="text"
            >
              <p>
                Care at Home creates the same ecosystem and infrastructure as in a hospital in the comfort of oneâ€™s home.This is made possible by accessibility to a Specialist, skilled resources, Diagnostics, Pharmacy and the use of innovative technology.
              </p>
              <Link
                className="btn"
                to="/customerRegistration"
              >
                Join Now
              </Link>
            </div>
          </div>
        </div>
        <div
          className="box wow bounceInUp"
        >
          <div
            className="inner"
          >
            <div
              className="price-tag"
            >
              Quality care givers
            </div>
            <div
              className="img"
            >
              <img
                alt="price"
                src="dailyChores.jpg"
              />
            </div>
            <div
              className="text"
            >
              <p>
                Only 1 in every 5 applicants for home health services meets our stringent standards. The selected candidates undergo intensive training, as well as a thorough evaluation. They are closely supervised by experienced professionals
              </p>
              <Link
                className="btn"
                to="/customerRegistration"
              >
                Join Now
              </Link>
            </div>
          </div>
        </div>
      </div>
    </div>
  </div>,
]
`;
