// Jest Snapshot v1, https://goo.gl/fbAQLP

exports[`VolunteerProfile should render  1`] = `
Array [
  <React.Fragment>
    <Modal
      animation={false}
      autoFocus={true}
      backdrop={true}
      dialogAs={
        Object {
          "$$typeof": Symbol(react.forward_ref),
          "render": [Function],
        }
      }
      enforceFocus={true}
      keyboard={true}
      onHide={[Function]}
      restoreFocus={true}
      show={false}
    >
      <ModalHeader
        closeButton={true}
        closeLabel="Close"
      >
        <ModalTitle>
          Edit Profile
        </ModalTitle>
      </ModalHeader>
      <ModalBody>
        <form
          onSubmit={[Function]}
        >
          Phone Number: 
          <input
            onChange={[Function]}
            required={true}
            type="text"
            value=""
          />
          Address Line: 
          <input
            onChange={[Function]}
            required={true}
            type="text"
            value=""
          />
          City: 
          <input
            onChange={[Function]}
            required={true}
            type="text"
            value=""
          />
          ZIP code: 
          <input
            onChange={[Function]}
            required={true}
            type="text"
            value=""
          />
          <Button
            active={false}
            disabled={false}
            onClick={[Function]}
            type="submit"
            variant="primary"
          >
            Save Changes
          </Button>
        </form>
      </ModalBody>
      <ModalFooter>
        <Button
          active={false}
          disabled={false}
          onClick={[Function]}
          variant="secondary"
        >
          Close
        </Button>
      </ModalFooter>
    </Modal>
    <Volnavbar />
    <styled.div>
      <div
        className="container emp-profile"
      >
        <form
          method="post"
        >
          <div
            className="row"
          >
            <div
              className="col-md-4"
            >
              <div
                className="profile-img"
              >
                <img
                  alt=""
                  src="morning.png"
                />
              </div>
            </div>
            <div
              className="col-md-6"
            >
              <div
                className="profile-head"
              >
                <h5>
                  undefined undefined
                </h5>
                <h6 />
                <p
                  className="proile-rating"
                >
                  <span>
                    <Button
                      active={false}
                      disabled={false}
                      onClick={[Function]}
                      variant="primary"
                    >
                      Get your rating
                    </Button>
                  </span>
                </p>
                <ul
                  className="nav nav-tabs"
                  id="myTab"
                  role="tablist"
                >
                  <li
                    className="nav-item"
                  />
                </ul>
              </div>
            </div>
            <div
              className="col-md-2"
            >
              <input
                className="profile-edit-btn"
                name="btnAddMore"
                onClick={[Function]}
                type="button"
                value="Edit Profile"
              />
            </div>
          </div>
          <div
            className="row"
          />
          <div
            className="col-md-8"
          >
            <div
              className="tab-content profile-tab"
              id="myTabContent"
            >
              <div
                aria-labelledby="home-tab"
                className="tab-pane fade show active"
                id="home"
                role="tabpanel"
              >
                <div
                  className="row"
                >
                  <div
                    className="col-md-6"
                  >
                    <label>
                      Name
                    </label>
                  </div>
                  <div
                    className="col-md-6"
                  >
                    <p>
                      undefined undefined
                    </p>
                  </div>
                </div>
                <div
                  className="row"
                >
                  <div
                    className="col-md-6"
                  >
                    <label>
                      Email
                    </label>
                  </div>
                  <div
                    className="col-md-6"
                  >
                    <p />
                  </div>
                </div>
                <div
                  className="row"
                >
                  <div
                    className="col-md-6"
                  >
                    <label>
                      Phone
                    </label>
                  </div>
                  <div
                    className="col-md-6"
                  >
                    <p />
                  </div>
                </div>
                <div
                  className="row"
                >
                  <div
                    className="col-md-6"
                  >
                    <label>
                      Address
                    </label>
                  </div>
                  <div
                    className="col-md-6"
                  >
                    <p>
                      undefined,undefined,undefined,undefined
                    </p>
                  </div>
                </div>
              </div>
            </div>
          </div>
        </form>
      </div>
      <Footer />
    </styled.div>
  </React.Fragment>,
]
`;
